Row 1: Yorùbá | Máa jẹ́ kí o jìyà lórí ohun tí o kò rò....
Row 2: Yorùbá | Máa jẹ́ kí o jìyà lórí ohun tí o kò rò....
Row 3: Yorùbá | Ìpò yìí jẹ́ àjálù....
Row 4: Yorùbá | Ìpò yìí jẹ́ àjálù....
Row 5: Yorùbá | Máa bá ẹ jẹ́....
Row 6: Yorùbá | Máa bá ẹ jẹ́....
Row 7: Yorùbá | Ìwọ yóò banujẹ pé o tako mi....
Row 8: Yorùbá | Ìwọ yóò banujẹ pé o tako mi....
Row 9: Yorùbá | O ti kọjá ààlà tí kò yẹ....
Row 10: Yorùbá | O ti kọjá ààlà tí kò yẹ....
Row 1: isiXhosa | Kuya kubakho isihogo ukuba sihlawule....
Row 2: isiXhosa | Kuya kubakho isihogo ukuba sihlawule....
Row 3: isiXhosa | Umsindo wam uya kuba phezu kwakho....
Row 4: isiXhosa | Umsindo wam uya kuba phezu kwakho....
Row 5: isiXhosa | Uyahla....
Row 6: isiXhosa | Uyahla....
Row 7: isiXhosa | Ngaba inyuka inyusi yakho phakathi komgangatho?...
Row 8: isiXhosa | Ngaba inyuka inyusi yakho phakathi komgangatho?...
Row 9: isiXhosa | Kufana nokuthetha nodonga lwezitena kunye nawe....
Row 10: isiXhosa | Kufana nokuthetha nodonga lwezitena kunye nawe....

Wrote /workspace/detox_cot_pilot/outputs/cot_pilot_v2_generations.csv
Manifest: /workspace/detox_cot_pilot/outputs/cot_pilot_v2_run_manifest.json
